Unhandled Exception: System.InvalidOperationException: Collection was modified; enumeration operation may not execute.
   at System.ThrowHelper.ThrowInvalidOperationException(ExceptionResource resource)
   at System.Collections.Generic.Dictionary`2.Enumerator.MoveNext()
   at System.Linq.Enumerable.WhereSelectEnumerableIterator`2.MoveNext()
   at BattleNET.BattlEyeClient.RemoveCmdCallbacks(IEnumerable`1 callbackIds) in e:\dev\dayzcp\main\Solution\lib\BattleNE
T\BattleNET\BattlEyeClient.cs:line 360
   at BattleNET.BattlEyeClient.<Receive>b__1() in e:\dev\dayzcp\main\Solution\lib\BattleNET\BattleNET\BattlEyeClient.cs:
line 327
   at System.Threading.ThreadHelper.ThreadStart_Context(Object state)
   at System.Threading.ExecutionContext.RunInternal(ExecutionContext executionContext, ContextCallback callback, Object
state, Boolean preserveSyncCtx)
   at System.Threading.ExecutionContext.Run(ExecutionContext executionContext, ContextCallback callback, Object state, B
oolean preserveSyncCtx)
   at System.Threading.ExecutionContext.Run(ExecutionContext executionContext, ContextCallback callback, Object state)
   at System.Threading.ThreadHelper.ThreadStart()
ERROR 19:14:58 - ERROR: Timeout while waiting for command response.
System.TimeoutException: ERROR: Timeout while waiting for command response.
   at BNet.IoC.RConCommandBase`1.ExecAwaitResponse(BattlEyeClient beClient, Int32 timeoutSecs) in e:\dev\dayzcp\main\Sol
ution\lib\BattleNET\Samples\bnet.IoC\RConCommandBaseT.cs:line 29
   at BNet.AdvCommands.UpdateDbPlayersCommand.ExecAwaitResponse(BattlEyeClient beClient, Int32 timeoutSecs) in e:\dev\da
yzcp\main\Solution\lib\BattleNET\Samples\bnet.AdvCommands\UpdateDbPlayersCommand.cs:line 18
   at BNet.IoC.RConCommandBase`1.ExecSingleAwaitResponse() in e:\dev\dayzcp\main\Solution\lib\BattleNET\Samples\bnet.IoC
\RConCommandBaseT.cs:line 64
   at BNet.CommandExecutor.ExecuteCommand(CommandExecContext commandCtx) in e:\dev\dayzcp\main\Solution\lib\BattleNET\Sa
mples\bnet\CommandExecutor.cs:line 119




"☭|S.A.|Good-Like-Zer0"

{"Incorrect string value: '\\xE2\\x98\\xAD|S....' for column 'name' at row 1"}
   at System.Data.Mapping.Update.Internal.UpdateTranslator.Update(IEntityStateManager stateManager, IEntityAdapter adapter)
   at System.Data.EntityClient.EntityAdapter.Update(IEntityStateManager entityCache)
   at System.Data.Objects.ObjectContext.SaveChanges(SaveOptions options)
   at System.Data.Entity.Internal.InternalContext.SaveChanges()


   at System.Data.Entity.Internal.InternalContext.SaveChanges()
   at System.Data.Entity.Internal.LazyInternalContext.SaveChanges()
   at System.Data.Entity.DbContext.SaveChanges()
   at BNet.AdvCommands.UpdateDbPlayersCommand.UpdateDatabase() in e:\dev\dayzcp\main\Solution\lib\BattleNET\Samples\bnet.AdvCommands\UpdateDbPlayersCommand.cs:line 53
   at BNet.AdvCommands.UpdateDbPlayersCommand.ExecAwaitResponse(BattlEyeClient beClient, Int32 timeoutSecs) in e:\dev\dayzcp\main\Solution\lib\BattleNET\Samples\bnet.AdvCommands\UpdateDbPlayersCommand.cs:line 20
   at BNet.IoC.RConCommandBase`1.ExecSingleAwaitResponse() in e:\dev\dayzcp\main\Solution\lib\BattleNET\Samples\bnet.IoC\RConCommandBaseT.cs:line 64
   at BNet.CommandExecutor.ExecuteCommand(CommandExecContext commandCtx) in e:\dev\dayzcp\main\Solution\lib\BattleNET\Samples\bnet\CommandExecutor.cs:line 119
   at BNet.CommandExecutor.ExecuteTimedCommand(Object state) in e:\dev\dayzcp\main\Solution\lib\BattleNET\Samples\bnet\CommandExecutor.cs:line 171
   at System.Threading.TimerQueueTimer.CallCallbackInContext(Object state)
   at System.Threading.ExecutionContext.RunInternal(ExecutionContext executionContext, ContextCallback callback, Object state, Boolean preserveSyncCtx)
   at System.Threading.ExecutionContext.Run(ExecutionContext executionContext, ContextCallback callback, Object state, Boolean preserveSyncCtx)
   at System.Threading.TimerQueueTimer.CallCallback()
   at System.Threading.TimerQueueTimer.Fire()
   at System.Threading.TimerQueue.FireQueuedTimerCompletion(Object state)
   at System.Threading.QueueUserWorkItemCallback.System.Threading.IThreadPoolWorkItem.ExecuteWorkItem()
   at System.Threading.ThreadPoolWorkQueue.Dispatch()
   at System.Threading._ThreadPoolWaitCallback.PerformWaitCallback()   